=== STDOUT ===
.....................................................................
=== STDERR ===

=== EXIT CODE: 0 ===
